Record ffd8 of length        0 at offset        0
Record ffe0 of length       16 at offset        2
Record ffe2 of length     1472 at offset       20
Record ffed of length     5096 at offset     1494
Record ffe1 of length     9991 at offset     6592
Record ffdb of length       67 at offset    16585
Record ffdb of length       67 at offset    16654
Record ffc0 of length       17 at offset    16723
Record ffc4 of length       31 at offset    16742
Record ffc4 of length      129 at offset    16775
Record ffc4 of length       28 at offset    16906
Record ffc4 of length       63 at offset    16936
Record ffda of length       12 at offset    17001
Data starts at byte offset 17015
Record ffd9 of length        0 at offset   122384
File contains 122386 bytes
Processed 1 photo(s).
