Record ffd8 of length        0 at offset        0
Record ffe1 of length    16432 at offset        2
Record ffc4 of length      418 at offset    16436
Record ffdb of length      132 at offset    16856
Record ffc0 of length       17 at offset    16990
Record ffda of length       12 at offset    17009
Data starts at byte offset 17023
Record ffd9 of length        0 at offset   254786
File contains 254788 bytes
Processed 1 photo(s).
