Original key [                                                                                                    ]
Original message [THISISTHEMESSAGETOENCRYPTBUTTHEKEYISNOTVERYSECURE]
Encrypted [thisisthemessagetoencryptbutthekeyisnotverysecure]
Decrypted [THISISTHEMESSAGETOENCRYPTBUTTHEKEYISNOTVERYSECURE]
