Record ffd8 of length        0 at offset    35328
Record ffe1 of length    14372 at offset    35330
Record ffc4 of length      418 at offset    49704
Record ffdb of length      132 at offset    50124
Record ffc0 of length       17 at offset    50258
Record ffda of length       12 at offset    50277
Data starts at byte offset 50291
Record ffd9 of length        0 at offset   272810
File contains 237484 bytes
Record ffd8 of length        0 at offset   272896
Record ffe1 of length    13632 at offset   272898
Record ffc4 of length      418 at offset   286532
Record ffdb of length      132 at offset   286952
Record ffc0 of length       17 at offset   287086
Record ffda of length       12 at offset   287105
Data starts at byte offset 287119
Record ffd9 of length        0 at offset   502464
File contains 229570 bytes
Record ffd8 of length        0 at offset   504320
Record ffe1 of length    14104 at offset   504322
Record ffc4 of length      418 at offset   518428
Record ffdb of length      132 at offset   518848
Record ffc0 of length       17 at offset   518982
Record ffda of length       12 at offset   519001
Data starts at byte offset 519015
Record ffd9 of length        0 at offset   744380
File contains 240062 bytes
Record ffd8 of length        0 at offset   745984
Record ffe1 of length    17992 at offset   745986
Record ffc4 of length      418 at offset   763980
Record ffdb of length      132 at offset   764400
Record ffc0 of length       17 at offset   764534
Record ffda of length       12 at offset   764553
Data starts at byte offset 764567
Record ffd9 of length        0 at offset  1010177
File contains 264195 bytes
Record ffd8 of length        0 at offset  1012224
Record ffe1 of length    19860 at offset  1012226
Record ffc4 of length      418 at offset  1032088
Record ffdb of length      132 at offset  1032508
Record ffc0 of length       17 at offset  1032642
Record ffda of length       12 at offset  1032661
Data starts at byte offset 1032675
Record ffd9 of length        0 at offset  1390811
File contains 378589 bytes
Record ffd8 of length        0 at offset  1391104
Record ffe1 of length    19912 at offset  1391106
Record ffc4 of length      418 at offset  1411020
Record ffdb of length      132 at offset  1411440
Record ffc0 of length       17 at offset  1411574
Record ffda of length       12 at offset  1411593
Data starts at byte offset 1411607
Record ffd9 of length        0 at offset  1701263
File contains 310161 bytes
Record ffd8 of length        0 at offset  1702400
Record ffe1 of length    16008 at offset  1702402
Record ffc4 of length      418 at offset  1718412
Record ffdb of length      132 at offset  1718832
Record ffc0 of length       17 at offset  1718966
Record ffda of length       12 at offset  1718985
Data starts at byte offset 1718999
Record ffd9 of length        0 at offset  1913570
File contains 211172 bytes
Record ffd8 of length        0 at offset  1915392
Record ffe1 of length    17480 at offset  1915394
Record ffc4 of length      418 at offset  1932876
Record ffdb of length      132 at offset  1933296
Record ffc0 of length       17 at offset  1933430
Record ffda of length       12 at offset  1933449
Data starts at byte offset 1933463
Record ffd9 of length        0 at offset  2182825
File contains 267435 bytes
Record ffd8 of length        0 at offset  2183680
Record ffe1 of length    16912 at offset  2183682
Record ffc4 of length      418 at offset  2200596
Record ffdb of length      132 at offset  2201016
Record ffc0 of length       17 at offset  2201150
Record ffda of length       12 at offset  2201169
Data starts at byte offset 2201183
Record ffd9 of length        0 at offset  2415419
File contains 231741 bytes
Record ffd8 of length        0 at offset  2417152
Record ffe1 of length    20636 at offset  2417154
Record ffc4 of length      418 at offset  2437792
Record ffdb of length      132 at offset  2438212
Record ffc0 of length       17 at offset  2438346
Record ffda of length       12 at offset  2438365
Data starts at byte offset 2438379
Record ffd9 of length        0 at offset  2795434
File contains 378284 bytes
Record ffd8 of length        0 at offset  2796032
Record ffe1 of length    20064 at offset  2796034
Record ffc4 of length      418 at offset  2816100
Record ffdb of length      132 at offset  2816520
Record ffc0 of length       17 at offset  2816654
Record ffda of length       12 at offset  2816673
Data starts at byte offset 2816687
Record ffd9 of length        0 at offset  3127524
File contains 331494 bytes
Record ffd8 of length        0 at offset  3127808
Record ffe1 of length    16268 at offset  3127810
Record ffc4 of length      418 at offset  3144080
Record ffdb of length      132 at offset  3144500
Record ffc0 of length       17 at offset  3144634
Record ffda of length       12 at offset  3144653
Data starts at byte offset 3144667
Record ffd9 of length        0 at offset  3367704
File contains 239898 bytes
Record ffd8 of length        0 at offset  3369472
Record ffe1 of length    15568 at offset  3369474
Record ffc4 of length      418 at offset  3385044
Record ffdb of length      132 at offset  3385464
Record ffc0 of length       17 at offset  3385598
Record ffda of length       12 at offset  3385617
Data starts at byte offset 3385631
Record ffd9 of length        0 at offset  3614874
File contains 245404 bytes
Record ffd8 of length        0 at offset  3615232
Record ffe1 of length    14892 at offset  3615234
Record ffc4 of length      418 at offset  3630128
Record ffdb of length      132 at offset  3630548
Record ffc0 of length       17 at offset  3630682
Record ffda of length       12 at offset  3630701
Data starts at byte offset 3630715
Record ffd9 of length        0 at offset  3869145
File contains 253915 bytes
Record ffd8 of length        0 at offset  3869184
Record ffe1 of length    16368 at offset  3869186
Record ffc4 of length      418 at offset  3885556
Record ffdb of length      132 at offset  3885976
Record ffc0 of length       17 at offset  3886110
Record ffda of length       12 at offset  3886129
Data starts at byte offset 3886143
Record ffd9 of length        0 at offset  4178624
File contains 309442 bytes
Record ffd8 of length        0 at offset  4180480
Record ffe1 of length    18640 at offset  4180482
Record ffc4 of length      418 at offset  4199124
Record ffdb of length      132 at offset  4199544
Record ffc0 of length       17 at offset  4199678
Record ffda of length       12 at offset  4199697
Data starts at byte offset 4199711
Record ffd9 of length        0 at offset  4768598
File contains 588120 bytes
Record ffd8 of length        0 at offset  4770304
Record ffe1 of length    16988 at offset  4770306
Record ffc4 of length      418 at offset  4787296
Record ffdb of length      132 at offset  4787716
Record ffc0 of length       17 at offset  4787850
Record ffda of length       12 at offset  4787869
Data starts at byte offset 4787883
Record ffd9 of length        0 at offset  5068186
File contains 297884 bytes
Record ffd8 of length        0 at offset  5069312
Record ffe1 of length    16432 at offset  5069314
Record ffc4 of length      418 at offset  5085748
Record ffdb of length      132 at offset  5086168
Record ffc0 of length       17 at offset  5086302
Record ffda of length       12 at offset  5086321
Data starts at byte offset 5086335
Record ffd9 of length        0 at offset  5324098
File contains 254788 bytes
Record ffd8 of length        0 at offset  5325312
Record ffe1 of length    16364 at offset  5325314
Record ffc4 of length      418 at offset  5341680
Record ffdb of length      132 at offset  5342100
Record ffc0 of length       17 at offset  5342234
Record ffda of length       12 at offset  5342253
Data starts at byte offset 5342267
Record ffd9 of length        0 at offset  5555066
File contains 229756 bytes
Record ffd8 of length        0 at offset  5556736
Record ffe1 of length    15036 at offset  5556738
Record ffc4 of length      418 at offset  5571776
Record ffdb of length      132 at offset  5572196
Record ffc0 of length       17 at offset  5572330
Record ffda of length       12 at offset  5572349
Data starts at byte offset 5572363
Record ffd9 of length        0 at offset  5887447
File contains 330713 bytes
Processed 20 photo(s).
