Record ffd8 of length        0 at offset        0
Record ffe0 of length       16 at offset        2
Record ffe2 of length     1472 at offset       20
Record ffed of length     3858 at offset     1494
Record ffe1 of length     8488 at offset     5354
Record ffdb of length       67 at offset    13844
Record ffdb of length       67 at offset    13913
Record ffc0 of length       17 at offset    13982
Record ffc4 of length       31 at offset    14001
Record ffc4 of length      116 at offset    14034
Record ffc4 of length       20 at offset    14152
Record ffc4 of length       20 at offset    14174
Record ffda of length       12 at offset    14196
Data starts at byte offset 14210
Record ffd9 of length        0 at offset    90841
File contains 90843 bytes
Recovering file: recovered-0000.jpg
Processed 1 photo(s).
