Read 4340 babies.
GRESKRENDTREGK
Baby name [GRESKRENDTREGK] was not found
CAMERON
 Total: 5403
 Years: 75
 2019: 43
 First: 1944 6
 Last: 2019 43
 Min: 1946 5
 Max: 1999 197
 Avg: 54.03
FREDERICK
 Total: 3046
 Years: 93
 2019: 14
 First: 1920 51
 Last: 2019 14
 Min: 1986 5
 Max: 1949 85
 Avg: 30.46
SURAL
Baby name [SURAL] was not found
BENAREN
Baby name [BENAREN] was not found
ELREM
Baby name [ELREM] was not found
TARRIK
Baby name [TARRIK] was not found
Daniel
Baby name [Daniel] was not found
